MAYBE   regexpSimplify: May re-write '/^[0-9]{2,4}-[0-9]{2}-[0-9]{2}/' as '/^\d{2,4}-\d{2}-\d{2}/' at testdata/flysystem/src/Adapter/AbstractFtpAdapter.php:536
        return preg_match('/^[0-9]{2,4}-[0-9]{2}-[0-9]{2}/', $item) ? 'windows' : 'unix';
                          ^^^^^^^^^^^^^^^^^^^^^^^^^^^^^^^^^
MAYBE   regexpSimplify: May re-write '/^total [0-9]*$/' as '/^total \d*$/' at testdata/flysystem/src/Adapter/Ftp.php:407
        if (preg_match('/^total [0-9]*$/', $listing[0])) {
                       ^^^^^^^^^^^^^^^^^^
MAYBE   ternarySimplify: could rewrite as `$mkdirError['message'] ?? ''` at testdata/flysystem/src/Adapter/Local.php:111
                $errorMessage = isset($mkdirError['message']) ? $mkdirError['message'] : '';
                                ^^^^^^^^^^^^^^^^^^^^^^^^^^^^^^^^^^^^^^^^^^^^^^^^^^^^^^^^^^^
WARNING strictCmp: 3rd argument of in_array must be true when comparing strings at testdata/flysystem/src/Adapter/Local.php:324
        if (in_array($mimetype, ['application/octet-stream', 'inode/x-empty', 'application/x-empty'])) {
            ^^^^^^^^^^^^^^^^^^^^^^^^^^^^^^^^^^^^^^^^^^^^^^^^^^^^^^^^^^^^^^^^^^^^^^^^^^^^^^^^^^^^^^^^^
WARNING phpdocRef: line 8: @see tag refers to unknown symbol League\Flysystem\ReadInterface::readStream at testdata/flysystem/src/Adapter/Polyfill/StreamedReadingTrait.php:19
    public function readStream($path)
                    ^^^^^^^^^^
WARNING phpdocRef: line 8: @see tag refers to unknown symbol League\Flysystem\ReadInterface::read at testdata/flysystem/src/Adapter/Polyfill/StreamedReadingTrait.php:43
    abstract public function read($path);
                             ^^^^
MAYBE   phpdoc: Missing PHPDoc for "write" public method at testdata/flysystem/src/Adapter/Polyfill/StreamedWritingTrait.php:58
    abstract public function write($pash, $contents, Config $config);
                             ^^^^^
MAYBE   phpdoc: Missing PHPDoc for "update" public method at testdata/flysystem/src/Adapter/Polyfill/StreamedWritingTrait.php:59
    abstract public function update($pash, $contents, Config $config);
                             ^^^^^^
INFO    unused: Variable e is unused (use $_ to ignore this inspection) at testdata/flysystem/src/Handler.php:129
        } catch (BadMethodCallException $e) {
                                        ^^
INFO    unused: Variable e is unused (use $_ to ignore this inspection) at testdata/flysystem/src/MountManager.php:275
        } catch (PluginNotFoundException $e) {
                                         ^^
MAYBE   deprecated: Call to deprecated method {\League\Flysystem\FilesystemInterface}->get() at testdata/flysystem/src/MountManager.php:646
        return $this->getFilesystem($prefix)->get($path);
                                              ^^^
INFO    undefined: Variable might have not been defined: deleted at testdata/flysystem/src/Plugin/ForcedCopy.php:38
        if ($deleted) {
            ^^^^^^^^
INFO    unused: Variable e is unused (use $_ to ignore this inspection) at testdata/flysystem/src/Plugin/ForcedCopy.php:33
        } catch (FileNotFoundException $e) {
                                       ^^
INFO    undefined: Variable might have not been defined: deleted at testdata/flysystem/src/Plugin/ForcedRename.php:38
        if ($deleted) {
            ^^^^^^^^
INFO    unused: Variable e is unused (use $_ to ignore this inspection) at testdata/flysystem/src/Plugin/ForcedRename.php:33
        } catch (FileNotFoundException $e) {
                                       ^^
INFO    unused: Variable e is unused (use $_ to ignore this inspection) at testdata/flysystem/src/Plugin/PluggableTrait.php:89
        } catch (PluginNotFoundException $e) {
                                         ^^
MAYBE   phpdoc: Missing PHPDoc for "storeSafely" public method at testdata/flysystem/src/SafeStorage.php:23
    public function storeSafely($key, $value)
                    ^^^^^^^^^^^
MAYBE   phpdoc: Missing PHPDoc for "retrieveSafely" public method at testdata/flysystem/src/SafeStorage.php:28
    public function retrieveSafely($key)
                    ^^^^^^^^^^^^^^
MAYBE   phpdoc: Missing PHPDoc for "forFileInfo" public method at testdata/flysystem/src/UnreadableFileException.php:9
    public static function forFileInfo(SplFileInfo $fileInfo)
                           ^^^^^^^^^^^
MAYBE   phpdoc: Missing PHPDoc for "isSeekableStream" public method at testdata/flysystem/src/Util.php:258
    public static function isSeekableStream($resource)
                           ^^^^^^^^^^^^^^^^
MAYBE   regexpSimplify: May re-write '#^[a-zA-Z]{1}:[^\\\/]#' as '#^[a-zA-Z]:[^\\/]#' at testdata/flysystem/src/Util.php:341
        while (preg_match('#^[a-zA-Z]{1}:[^\\\/]#', $basename)) {
                          ^^^^^^^^^^^^^^^^^^^^^^^^
MAYBE   regexpSimplify: May re-write '#^[a-zA-Z]{1}:$#' as '#^[a-zA-Z]:$#' at testdata/flysystem/src/Util.php:346
        if (preg_match('#^[a-zA-Z]{1}:$#', $basename)) {
                       ^^^^^^^^^^^^^^^^^^
INFO    unused: Variable e is unused (use $_ to ignore this inspection) at testdata/flysystem/src/Util/MimeType.php:208
        } catch (ErrorException $e) {
                                ^^
MAYBE   ternarySimplify: could rewrite as `static::$extensionToMimeTypeMap[$extension] ?? 'text/plain'` at testdata/flysystem/src/Util/MimeType.php:222
        return isset(static::$extensionToMimeTypeMap[$extension])
               ^^^^^^^^^^^
