{
	"LinterVersion": "0e47cc44623afb94af3d315708cf831696bbda9d",
	"CreatedAt": 1626115955,
	"Version": 3,
	"Stats": {
		"CountTotal": 3,
		"CountPerCheck": {
			"discardExpr": 1,
			"undefined": 2
		}
	},
	"Files": [
		{
			"File": "file1.php",
			"Hashes": [
				"11ngx7h7507kw,m3krbhb78pqm"
			]
		},
		{
			"File": "file2.php",
			"Hashes": [
				"209wyajyitniw"
			]
		}
	]
}
