WARNING argsOrder: potentially incorrect haystack and needle arguments order at testdata/embeddedrules/argsOrder.php:5
  $_ = strpos('/', $s);
       ^^^^^^^^^^^^^^^
WARNING argsOrder: potentially incorrect haystack and needle arguments order at testdata/embeddedrules/argsOrder.php:6
  $_ = strpos("/", $s);
       ^^^^^^^^^^^^^^^
WARNING argsOrder: potentially incorrect haystack and needle arguments order at testdata/embeddedrules/argsOrder.php:21
  $_ = stripos('/', $s);
       ^^^^^^^^^^^^^^^^
WARNING argsOrder: potentially incorrect haystack and needle arguments order at testdata/embeddedrules/argsOrder.php:22
  $_ = stripos("/", $s);
       ^^^^^^^^^^^^^^^^
WARNING argsOrder: potentially incorrect replacement and subject arguments order at testdata/embeddedrules/argsOrder.php:32
  $_ = preg_replace($pat, $subj, 'replacement');
       ^^^^^^^^^^^^^^^^^^^^^^^^^^^^^^^^^^^^^^^^
WARNING argsOrder: potentially incorrect delimiter and string arguments order at testdata/embeddedrules/argsOrder.php:41
  $_ = explode($s, '/');
       ^^^^^^^^^^^^^^^^
WARNING argsOrder: potentially incorrect replace and string arguments order at testdata/embeddedrules/argsOrder.php:50
  $_ = str_replace($search, $subj, ' ');
       ^^^^^^^^^^^^^^^^^^^^^^^^^^^^^^^^
WARNING argsOrder: potentially incorrect replace and string arguments order at testdata/embeddedrules/argsOrder.php:51
  $_ = str_replace($search, $subj, '');
       ^^^^^^^^^^^^^^^^^^^^^^^^^^^^^^^
MAYBE   assignOp: could rewrite as `$a += $b` at testdata/embeddedrules/assignOp.php:6
  $a = $a + $b; // Could rewrite
  ^^^^^^^^^^^^
MAYBE   assignOp: could rewrite as `$a -= $b` at testdata/embeddedrules/assignOp.php:13
  $a = $a - $b; // Could rewrite
  ^^^^^^^^^^^^
MAYBE   assignOp: could rewrite as `$a *= $b` at testdata/embeddedrules/assignOp.php:20
  $a = $a * $b; // Could rewrite
  ^^^^^^^^^^^^
MAYBE   assignOp: could rewrite as `$a /= $b` at testdata/embeddedrules/assignOp.php:27
  $a = $a / $b; // Could rewrite
  ^^^^^^^^^^^^
MAYBE   assignOp: could rewrite as `$a %= $b` at testdata/embeddedrules/assignOp.php:34
  $a = $a % $b; // Could rewrite
  ^^^^^^^^^^^^
MAYBE   assignOp: could rewrite as `$a .= $b` at testdata/embeddedrules/assignOp.php:41
  $a = $a . $b; // Could rewrite
  ^^^^^^^^^^^^
MAYBE   assignOp: could rewrite as `$a &= $b` at testdata/embeddedrules/assignOp.php:48
  $a = $a & $b; // Could rewrite
  ^^^^^^^^^^^^
MAYBE   assignOp: could rewrite as `$a |= $b` at testdata/embeddedrules/assignOp.php:55
  $a = $a | $b; // Could rewrite
  ^^^^^^^^^^^^
MAYBE   assignOp: could rewrite as `$a ^= $b` at testdata/embeddedrules/assignOp.php:62
  $a = $a ^ $b; // Could rewrite
  ^^^^^^^^^^^^
MAYBE   assignOp: could rewrite as `$a <<= $b` at testdata/embeddedrules/assignOp.php:69
  $a = $a << $b; // Could rewrite
  ^^^^^^^^^^^^^
MAYBE   assignOp: could rewrite as `$a >>= $b` at testdata/embeddedrules/assignOp.php:76
  $a = $a >> $b; // Could rewrite
  ^^^^^^^^^^^^^
MAYBE   assignOp: could rewrite as `$a ??= $b` at testdata/embeddedrules/assignOp.php:83
  $a = $a ?? $b; // Could rewrite
  ^^^^^^^^^^^^^
WARNING bitwiseOps: Used & bitwise operator over bool operands, perhaps && is intended? at testdata/embeddedrules/bitwiseOps.php:8
  $_ = (($x > 0) & ($x != 15)); // Bad 1
        ^^^^^^^^^^^^^^^^^^^^^
WARNING bitwiseOps: Used | bitwise operator over bool operands, perhaps || is intended? at testdata/embeddedrules/bitwiseOps.php:9
  $_ = (($x == 1) | ($x == 2)); // Bad 2
        ^^^^^^^^^^^^^^^^^^^^^
MAYBE   callSimplify: Could simplify to array_key_exists('abc', $array) at testdata/embeddedrules/callSimplify.php:4
    $_ = in_array('abc', array_keys($array)); // bad
         ^^^^^^^^^^^^^^^^^^^^^^^^^^^^^^^^^^^
WARNING offBy1: probably intended to use count-1 as an index at testdata/embeddedrules/offBy1.php:7
  $_ = $xs[count($xs)];
       ^^^^^^^^^^^^^^^
WARNING offBy1: probably intended to use sizeof-1 as an index at testdata/embeddedrules/offBy1.php:8
  $_ = $xs[sizeof($xs)];
       ^^^^^^^^^^^^^^^^
WARNING offBy1: probably intended to use count-1 as an index at testdata/embeddedrules/offBy1.php:10
  if ($tabs[count($tabs)] == "") {
      ^^^^^^^^^^^^^^^^^^^
WARNING precedence: == has higher precedence than & at testdata/embeddedrules/precedence.php:4
  $_ = 0 == $mask & $x;
       ^^^^^^^^^^^^^^^
WARNING precedence: != has higher precedence than & at testdata/embeddedrules/precedence.php:5
  $_ = 0 != $mask & $x;
       ^^^^^^^^^^^^^^^
WARNING precedence: === has higher precedence than & at testdata/embeddedrules/precedence.php:6
  $_ = 0 === $mask & $x;
       ^^^^^^^^^^^^^^^^
WARNING precedence: !== has higher precedence than & at testdata/embeddedrules/precedence.php:7
  $_ = 0 !== $mask & $x;
       ^^^^^^^^^^^^^^^^
WARNING precedence: == has higher precedence than | at testdata/embeddedrules/precedence.php:9
  $_ = 0 == $mask | $x;
       ^^^^^^^^^^^^^^^
WARNING precedence: != has higher precedence than | at testdata/embeddedrules/precedence.php:10
  $_ = 0 != $mask | $x;
       ^^^^^^^^^^^^^^^
WARNING precedence: === has higher precedence than | at testdata/embeddedrules/precedence.php:11
  $_ = 0 === $mask | $x;
       ^^^^^^^^^^^^^^^^
WARNING precedence: !== has higher precedence than | at testdata/embeddedrules/precedence.php:12
  $_ = 0 !== $mask | $x;
       ^^^^^^^^^^^^^^^^
WARNING precedence: > has higher precedence than ?? at testdata/embeddedrules/precedence.php:14
  $_ = $mask > $z ?? $x;
       ^^^^^^^^^^^^^^^^
WARNING precedence: < has higher precedence than ?? at testdata/embeddedrules/precedence.php:15
  $_ = $mask < $z ?? $x;
       ^^^^^^^^^^^^^^^^
WARNING precedence: <= has higher precedence than ?? at testdata/embeddedrules/precedence.php:16
  $_ = $mask <= $z ?? $x;
       ^^^^^^^^^^^^^^^^^
WARNING precedence: >= has higher precedence than ?? at testdata/embeddedrules/precedence.php:17
  $_ = $mask >= $z ?? $x;
       ^^^^^^^^^^^^^^^^^
WARNING precedence: == has higher precedence than ?? at testdata/embeddedrules/precedence.php:18
  $_ = $mask == $z ?? $x;
       ^^^^^^^^^^^^^^^^^
WARNING precedence: != has higher precedence than ?? at testdata/embeddedrules/precedence.php:19
  $_ = $mask != $z ?? $x;
       ^^^^^^^^^^^^^^^^^
WARNING precedence: === has higher precedence than ?? at testdata/embeddedrules/precedence.php:20
  $_ = $mask === $z ?? $x;
       ^^^^^^^^^^^^^^^^^^
WARNING precedence: !== has higher precedence than ?? at testdata/embeddedrules/precedence.php:21
  $_ = $mask !== $z ?? $x;
       ^^^^^^^^^^^^^^^^^^
WARNING precedence: == has higher precedence than & at testdata/embeddedrules/precedence.php:25
  $_ = $x & $mask == 0;
       ^^^^^^^^^^^^^^^
WARNING precedence: != has higher precedence than & at testdata/embeddedrules/precedence.php:26
  $_ = $x & $mask != 0;
       ^^^^^^^^^^^^^^^
WARNING precedence: === has higher precedence than & at testdata/embeddedrules/precedence.php:27
  $_ = $x & $mask === 0;
       ^^^^^^^^^^^^^^^^
WARNING precedence: !== has higher precedence than & at testdata/embeddedrules/precedence.php:28
  $_ = $x & $mask !== 0;
       ^^^^^^^^^^^^^^^^
WARNING precedence: == has higher precedence than | at testdata/embeddedrules/precedence.php:30
  $_ = $x | $mask == 0;
       ^^^^^^^^^^^^^^^
WARNING precedence: != has higher precedence than | at testdata/embeddedrules/precedence.php:31
  $_ = $x | $mask != 0;
       ^^^^^^^^^^^^^^^
WARNING precedence: === has higher precedence than | at testdata/embeddedrules/precedence.php:32
  $_ = $x | $mask === 0;
       ^^^^^^^^^^^^^^^^
WARNING precedence: !== has higher precedence than | at testdata/embeddedrules/precedence.php:33
  $_ = $x | $mask !== 0;
       ^^^^^^^^^^^^^^^^
WARNING strictCmp: non-strict comparison (use ===) at testdata/embeddedrules/strictCmp.php:6
  $_ = ($x == false);
        ^^^^^^^^^^^
WARNING strictCmp: non-strict comparison (use ===) at testdata/embeddedrules/strictCmp.php:7
  $_ = (false == $x);
        ^^^^^^^^^^^
WARNING strictCmp: non-strict comparison (use ===) at testdata/embeddedrules/strictCmp.php:8
  $_ = ($x == true);
        ^^^^^^^^^^
WARNING strictCmp: non-strict comparison (use ===) at testdata/embeddedrules/strictCmp.php:9
  $_ = (true == $x);
        ^^^^^^^^^^
WARNING strictCmp: non-strict comparison (use ===) at testdata/embeddedrules/strictCmp.php:10
  $_ = ($x == null);
        ^^^^^^^^^^
WARNING strictCmp: non-strict comparison (use ===) at testdata/embeddedrules/strictCmp.php:11
  $_ = (null == $x);
        ^^^^^^^^^^
WARNING strictCmp: 3rd argument of in_array must be true when comparing strings at testdata/embeddedrules/strictCmp.php:25
  $_ = in_array("str", $a);
       ^^^^^^^^^^^^^^^^^^^
WARNING strictCmp: 3rd argument of in_array must be true when comparing strings at testdata/embeddedrules/strictCmp.php:26
  $_ = in_array(retString(), $a);
       ^^^^^^^^^^^^^^^^^^^^^^^^^
WARNING strictCmp: 3rd argument of array_search must be true when comparing strings at testdata/embeddedrules/strictCmp.php:27
  $_ = array_search("str", $a);
       ^^^^^^^^^^^^^^^^^^^^^^^
WARNING strictCmp: 3rd argument of array_search must be true when comparing strings at testdata/embeddedrules/strictCmp.php:28
  $_ = array_search(retString(), $a);
       ^^^^^^^^^^^^^^^^^^^^^^^^^^^^^
WARNING strictCmp: non-strict comparison (use !==) at testdata/embeddedrules/strictCmp.php:15
$_ = (nonStrictComparison(0) != false);
      ^^^^^^^^^^^^^^^^^^^^^^^^^^^^^^^
WARNING strictCmp: non-strict comparison (use !==) at testdata/embeddedrules/strictCmp.php:16
$_ = (false != nonStrictComparison(0));
      ^^^^^^^^^^^^^^^^^^^^^^^^^^^^^^^
WARNING strictCmp: non-strict comparison (use !==) at testdata/embeddedrules/strictCmp.php:17
$_ = (nonStrictComparison(0) != true);
      ^^^^^^^^^^^^^^^^^^^^^^^^^^^^^^
WARNING strictCmp: non-strict comparison (use !==) at testdata/embeddedrules/strictCmp.php:18
$_ = (true != nonStrictComparison(0));
      ^^^^^^^^^^^^^^^^^^^^^^^^^^^^^^
WARNING strictCmp: non-strict comparison (use !==) at testdata/embeddedrules/strictCmp.php:19
$_ = (nonStrictComparison(0) != null);
      ^^^^^^^^^^^^^^^^^^^^^^^^^^^^^^
WARNING strictCmp: non-strict comparison (use !==) at testdata/embeddedrules/strictCmp.php:20
$_ = (null != nonStrictComparison(0));
      ^^^^^^^^^^^^^^^^^^^^^^^^^^^^^^
MAYBE   ternarySimplify: could rewrite as `(bool)$x` at testdata/embeddedrules/ternarySimplify.php:6
    sink($x ? true : false);
         ^^^^^^^^^^^^^^^^^
MAYBE   ternarySimplify: could replace the ternary with just $x > $y at testdata/embeddedrules/ternarySimplify.php:9
    sink($x > $y ? true : false);
         ^^^^^^^^^^^^^^^^^^^^^^
MAYBE   ternarySimplify: could rewrite as `$x ?: $y` at testdata/embeddedrules/ternarySimplify.php:12
    sink($x ? $x : $y);
         ^^^^^^^^^^^^
MAYBE   ternarySimplify: could rewrite as `$x[1] ?? $y` at testdata/embeddedrules/ternarySimplify.php:15
    sink(isset($x[1]) ? $x[1] : $y);
         ^^^^^^^^^^^^^^^^^^^^^^^^^
MAYBE   ternarySimplify: could rewrite as `(bool)($flags & SOME_MASK)` at testdata/embeddedrules/ternarySimplify.php:27
    sink(($flags & SOME_MASK) ? true : false);
         ^^^^^^^^^^^^^^^^^^^^^^^^^^^^^^^^^^^
