MAYBE   ternarySimplify: could rewrite as `$matches[1] ?? ''` at testdata/parsedown/parsedown.php:674
            $text = isset($matches[1]) ? $matches[1] : '';
                    ^^^^^^^^^^^^^^^^^^^^^^^^^^^^^^^^^^^^^
MAYBE   regexpSimplify: May re-write '/^>[ ]?+(.*+)/' as '/^> ?+(.*+)/' at testdata/parsedown/parsedown.php:750
        if (preg_match('/^>[ ]?+(.*+)/', $Line['text'], $matches))
                       ^^^^^^^^^^^^^^^^
MAYBE   regexpSimplify: May re-write '/^>[ ]?+(.*+)/' as '/^> ?+(.*+)/' at testdata/parsedown/parsedown.php:774
        if ($Line['text'][0] === '>' and preg_match('/^>[ ]?+(.*+)/', $Line['text'], $matches))
                                                    ^^^^^^^^^^^^^^^^
WARNING strictCmp: 3rd argument of in_array must be true when comparing strings at testdata/parsedown/parsedown.php:840
            if (in_array($element, $this->textLevelElements))
                ^^^^^^^^^^^^^^^^^^^^^^^^^^^^^^^^^^^^^^^^^^^^
MAYBE   regexpSimplify: May re-write '/^\[(.+?)\]:[ ]*+<?(\S+?)>?(?:[ ]+["\'(](.+)["\')])?[ ]*+$/' as '/^\[(.+?)\]: *+<?(\S+?)>?(?: +["'(](.+)["')])? *+$/' at testdata/parsedown/parsedown.php:875
            and preg_match('/^\[(.+?)\]:[ ]*+<?(\S+?)>?(?:[ ]+["\'(](.+)["\')])?[ ]*+$/', $Line['text'], $matches)
                           ^^^^^^^^^^^^^^^^^^^^^^^^^^^^^^^^^^^^^^^^^^^^^^^^^^^^^^^^^^^^^
MAYBE   ternarySimplify: could rewrite as `$matches[3] ?? null` at testdata/parsedown/parsedown.php:881
                'title' => isset($matches[3]) ? $matches[3] : null,
                           ^^^^^^^^^^^^^^^^^^^^^^^^^^^^^^^^^^^^^^^
MAYBE   regexpSimplify: May re-write '/[ ]*+\n/' as '/ *+\n/' at testdata/parsedown/parsedown.php:1265
            $text = preg_replace('/[ ]*+\n/', ' ', $text);
                                 ^^^^^^^^^^^
MAYBE   regexpSimplify: May re-write '/^[(]\s*+((?:[^ ()]++|[(][^ )]+[)])++)(?:[ ]+("[^"]*+"|\'[^\']*+\'))?\s*+[)]/' as '/^[(]\s*+((?:[^ ()]++|[(][^ )]+[)])++)(?: +("[^"]*+"|'[^']*+'))?\s*+[)]/' at testdata/parsedown/parsedown.php:1421
        if (preg_match('/^[(]\s*+((?:[^ ()]++|[(][^ )]+[)])++)(?:[ ]+("[^"]*+"|\'[^\']*+\'))?\s*+[)]/', $remainder, $matches))
                       ^^^^^^^^^^^^^^^^^^^^^^^^^^^^^^^^^^^^^^^^^^^^^^^^^^^^^^^^^^^^^^^^^^^^^^^^^^^^^^^
MAYBE   regexpSimplify: May re-write '/^<\/\w[\w-]*+[ ]*+>/s' as '/^<\/\w[\w-]*+ *+>/s' at testdata/parsedown/parsedown.php:1470
        if ($Excerpt['text'][1] === '/' and preg_match('/^<\/\w[\w-]*+[ ]*+>/s', $Excerpt['text'], $matches))
                                                       ^^^^^^^^^^^^^^^^^^^^^^^^
MAYBE   regexpSimplify: May re-write '/\bhttps?+:[\/]{2}[^\s<]+\b\/*+/ui' as '~\bhttps?+:/{2}[^\s<]+\b/*+~ui' at testdata/parsedown/parsedown.php:1540
            and preg_match('/\bhttps?+:[\/]{2}[^\s<]+\b\/*+/ui', $Excerpt['context'], $matches, PREG_OFFSET_CAPTURE)
                           ^^^^^^^^^^^^^^^^^^^^^^^^^^^^^^^^^^^^
INFO    undefined: Variable might have not been defined: text at testdata/parsedown/parsedown.php:1755
                    $markup .= self::escape($text, true);
                                            ^^^^^
INFO    undefined: Variable might have not been defined: text at testdata/parsedown/parsedown.php:1759
                    $markup .= $text;
                               ^^^^^
MAYBE   ternarySimplify: could rewrite as `$Element['autobreak'] ?? isset($Element['name'])` at testdata/parsedown/parsedown.php:1786
            $autoBreakNext = (isset($Element['autobreak'])
                              ^^^^^^^^^^^^^^^^^^^^^^^^^^^^^^^^^^^
WARNING strictCmp: 3rd argument of in_array must be true when comparing strings at testdata/parsedown/parsedown.php:1807
        if ( ! in_array('', $lines)
               ^^^^^^^^^^^^^^^^^^^^
INFO    unused: Variable val is unused (use $_ to ignore this inspection) at testdata/parsedown/parsedown.php:1882
            foreach ($Element['attributes'] as $att => $val)
                                                       ^^^^
