<?php

$array = ['a' => 1, 'b' => 2, 'c' => 3];

if (array_key_exists('z', $array)) { // 2
    echo "contains z key\n";
}

function f1($k, $xs) {
    return array_key_exists($k . '_id', $xs['data'][0]); // 1
}

function f2($k, $xs) {
    return in_array($k . '_id', $xs['data'][0]);
}
