<?php

function f($a) {
    if ($a === null) {
        return false;
    }
    return true;
}

function f1($a) {
    if ($a === null) {
        return false;
    }
    return true;
}

$a = null;
$a = null;
