<?php
declare(strict_types=1);

function test():string {
    return "test";
}
