<?php

$b = [];
$_ = $b[0];
$_ = $b[0][0];
$_ = $b[0];
$_ = $b[0][0];

function f() {
    $a = [];

    $_ = $a[0];
    $_ = $a[0][0];
    $_ = $a[0];
    $_ = $a[0][0];
}
