<?php

class Boo {}
class Zoo {}

class Foo {
  /**
   * @var Boo $item
   */
  public $item;

  /**
   * @var ?Boo $item1
   */
  public $item1 = null;

  /**
   * @var ?Boo|Zoo $item11
   */
  public $item11 = null;

  /**
   * @var Boo|Zoo $item12
   */
  public $item12;

  /**
   * @var Boo|Zoo $item13
   */
  public $item13;

  /**
   * @var Boo|Zoo $item14
   */
  public $item14;

  /**
   * @var Boo $item2
   * @var Boo $item3
   */
  public $item2, $item3;

  /**
   * @var Boo $item21
   * @var Boo $item31
   */
  public $item21, $item31;

  public ?Boo $item5 = null;
  public ?Boo $item6 = null, $item7 = null;

  public ?int $item8 = null;
}
