<?php
declare(strict_types = "1")
$_ = implode("", []);

function test($d){
OCICollection::max();
}

test(implode("", []));
