<?php

function f(?string $filed = null) {
return 1;
}
