<?php

function f() {
    $_ = [10, 20, 30]; // ok

    $_ = [10, 20,
    30]; // ok

	$_ = [10,
		20,
		30, // need comma
	];

	$_ = [10,
		20,
		30]; // ok

	$_ = [
		10,
		20,
		30]; // ok

	$_ = [
        10,
        20,
        30,  // ok
    ];

    $_ = [
        10,
        20,
        30,  // need comma
    ];
}
